[viewmypaycheckk.us/index.html]
[backblue.gif]
[fade.gif]
[index.html]
[www.google-analytics.com/analytics.js]
[viewmypaycheckk.us/wp-content/cache/min/1/4c2d46abad72ab291dffd1f1753905ba.css]
[viewmypaycheckk.us/feed/index.html]
[viewmypaycheckk.us/wp-content/uploads/2020/04/View-my-paycheck.png]
[viewmypaycheckk.us/wp-content/plugins/wp-rocket 3.4.1.2/assets/img/youtube.png]
[maxcdn.bootstrapcdn.com/font-awesome/4.3.0/css/font-awesome.minb2f9.css]
[viewmypaycheckk.us/comments/feed/index.html]
[viewmypaycheckk.us/intuit-view-my-paycheck-all-you-need-to-know-about-viewmypaycheck-login-signup/feed/index.html]
[viewmypaycheckk.us/wp-content/cache/busting/1/wp-includes/js/jquery/jquery-1.12.4-wp.js]
[viewmypaycheckk.us/wp-content/plugins/media-net-ads-manager/js/medianetAdInjector42e1.js]
[viewmypaycheckk.us/wp-json/index.html]
[viewmypaycheckk.us/wp-includes/wlwmanifest.xml]
[viewmypaycheckk.us/index0db0.html]
[viewmypaycheckk.us/wp-json/oembed/1.0/embed77ca.json]
[viewmypaycheckk.us/wp-json/oembed/1.0/embedc78e]
[pagead2.googlesyndication.com/pagead/js/f.txt]
[contextual.media.net/dmedianet5cae.js]
[viewmypaycheckk.us/wp-content/uploads/2020/04/cropped-Intuit-View-my-paycheck.png]
[viewmypaycheckk.us/wp-content/uploads/2020/04/cropped-intuit-viewmypaycheck-logo-removebg-preview-32x32.png]
[viewmypaycheckk.us/wp-content/uploads/2020/04/cropped-intuit-viewmypaycheck-logo-removebg-preview-192x192.png]
[viewmypaycheckk.us/wp-content/uploads/2020/04/cropped-intuit-viewmypaycheck-logo-removebg-preview-180x180.png]
[viewmypaycheckk.us/wp-content/uploads/2020/04/intuit-viewmypaycheck-logo-removebg-preview.png]
[viewmypaycheckk.us/view-my-paycheck-has-moved/index.html]
[viewmypaycheckk.us/intuit-quickbooks-logo-png/index.html]
[viewmypaycheckk.us/wp-content/uploads/2020/04/ezgif.com-gif-maker.jpg]
[viewmypaycheckk.us/quickbooks-workforce-signup-login/index.html]
[viewmypaycheckk.us/intuit-view-my-paycheck-support-phone-number/index.html]
[viewmypaycheckk.us/mynordstrom-login-portal/index.html]
[viewmypaycheckk.us/blog/index.html]
[viewmypaycheckk.us/privacy-policy/index.html]
[viewmypaycheckk.us/about-us/index.html]
[viewmypaycheckk.us/contact-us/index.html]
[viewmypaycheckk.us/wp-content/uploads/2020/04/signup-email.png]
[viewmypaycheckk.us/wp-content/uploads/2020/04/create-account.png]
[viewmypaycheckk.us/wp-content/uploads/2020/04/login-page.png]
[viewmypaycheckk.us/wp-content/uploads/2020/04/dashboard.png]
[viewmypaycheckk.us/index1f8a.html]
[connect.facebook.net/en_US/sdk.js]
[viewmypaycheckk.us/sitemap.xml]
[viewmypaycheckk.us/category/mynordstrom/index.html]
[viewmypaycheckk.us/category/quickbooks/index.html]
[viewmypaycheckk.us/wp-content/uploads/2020/04/View-my-paycheck-1024x576.png]
[viewmypaycheckk.us/category/view-my-paycheck/index.html]
[stats.wp.com/e-202025.js]
[viewmypaycheckk.us/wp-content/plugins/wp-rocket 3.4.1.2/assets/js/lazyload/12.0/lazyload.min.js]
[viewmypaycheckk.us/cookie-policy/index.html]
[viewmypaycheckk.us/index.html]
[viewmypaycheckk.us/wp-content/cache/min/1/5c2e3a8f4704a216cddef08b267df3a0.js]
[viewmypaycheckk.us/wp-content/themes/streamline-pro/images/lines-diagonal.png]
[viewmypaycheckk.us/wp-content/themes/streamline-pro/images/lines-vertical.png]
[viewmypaycheckk.us/wp-content/themes/streamline-pro/images/lines-vertical@2x.png]
[viewmypaycheckk.us/wp-content/themes/streamline-pro/images/lines-diagonal@2x.png]
[viewmypaycheckk.us/wp-content/plugins/contact-form-7/images/ajax-loader.gif]
[viewmypaycheckk.us/wp-content/plugins/monarch/css/fonts/monarch.eot]
[viewmypaycheckk.us/wp-content/plugins/monarch/css/fonts/monarchd41d.eot]
[viewmypaycheckk.us/wp-content/plugins/monarch/css/fonts/monarch.ttf]
[viewmypaycheckk.us/wp-content/plugins/monarch/css/fonts/monarch.woff]
[viewmypaycheckk.us/wp-content/plugins/monarch/css/fonts/monarch.svg]
[viewmypaycheckk.us/wp-includes/fonts/dashicons2ce6.eot]
[viewmypaycheckk.us/wp-content/plugins/jetpack/modules/carousel/images/arrows.png]
[viewmypaycheckk.us/wp-content/plugins/jetpack/modules/carousel/images/arrows-2x.png]
[viewmypaycheckk.us/wp-content/plugins/jetpack/modules/carousel/images/carousel-spritee4da.png]
[viewmypaycheckk.us/wp-content/cache/min/1/4c2d46abad72ab291dffd1f1753905ba.css]
[maxcdn.bootstrapcdn.com/font-awesome/4.3.0/css/font-awesome.minb2f9.css]
[viewmypaycheckk.us/wp-content/plugins/jetpack/modules/carousel/images/carousel-sprite-2xe4da.png]
[viewmypaycheckk.us/wp-content/themes/streamline-pro/style128b.css]
[viewmypaycheckk.us/wp-includes/css/dist/block-library/style.min7661.css]
[viewmypaycheckk.us/wp-content/plugins/quick-adsense-reloaded/includes/gutenberg/dist/blocks.style.buildd4c6.css]
[viewmypaycheckk.us/wp-content/plugins/contact-form-7/includes/css/styles6725.css]
[viewmypaycheckk.us/wp-content/plugins/monarch/css/style4e44.css]
[viewmypaycheckk.us/wp-content/plugins/table-of-contents-plus/screen.min673a.css]
[viewmypaycheckk.us/wp-content/plugins/uk-cookie-consent/assets/css/style7661.css]
[viewmypaycheckk.us/wp-includes/css/dashicons.min7661.css]
[viewmypaycheckk.us/wp-content/plugins/jetpack/css/jetpack4fc4.css]
[viewmypaycheckk.us/wp-content/plugins/mango-buttons/public/style/mb-button077c.css]
[viewmypaycheckk.us/wp-content/plugins/google-analytics-for-wordpress/assets/js/frontend.min4f90.js]
[viewmypaycheckk.us/wp-includes/js/jquery/jquery4a5f.js]
[viewmypaycheckk.us/wp-includes/js/jquery/jquery-migrate.min330a.js]
[viewmypaycheckk.us/wp-content/themes/streamline-pro/js/responsive-menu8a54.js]
[viewmypaycheckk.us/wp-content/plugins/contact-form-7/includes/js/scripts6725.js]
[viewmypaycheckk.us/wp-content/plugins/monarch/js/idle-timer.min4e44.js]
[viewmypaycheckk.us/wp-content/plugins/monarch/js/custom4e44.js]
[viewmypaycheckk.us/wp-content/plugins/table-of-contents-plus/front.min673a.js]
[viewmypaycheckk.us/wp-content/plugins/uk-cookie-consent/assets/js/uk-cookie-consent-jsa1ec.js]
[viewmypaycheckk.us/wp-includes/js/comment-reply.min7661.js]
[viewmypaycheckk.us/wp-includes/js/wp-embed.min7661.js]
[viewmypaycheckk.us/wp-content/plugins/akismet/_inc/forma352.js]
[viewmypaycheckk.us/index0db0.html]
[viewmypaycheckk.us/wp-json/oembed/1.0/embed447e.json]
[viewmypaycheckk.us/wp-content/uploads/2020/04/Intuit-Viewmypaychecks-support-system.png]
[viewmypaycheckk.us/wp-json/oembed/1.0/embedd326]
[viewmypaycheckk.us/intuit-view-my-paycheck-support-phone-number/feed/index.html]
[viewmypaycheckk.us/intuit-view-my-paycheck-support-phone-number/index.html]
[viewmypaycheckk.us/wp-content/uploads/2020/04/Intuit-Viewmypaychecks-support-system-760x360.png]
[viewmypaycheckk.us/wp-content/cache/min/1/f874e4291dca91c184b9f585f934e289.js]
[viewmypaycheckk.us/author/adam/index.html]
[viewmypaycheckk.us/tag/support/index.html]
[viewmypaycheckk.us/tag/phone-number/index.html]
[viewmypaycheckk.us/tag/view-my-paycheck/index.html]
[viewmypaycheckk.us/tag/intuit-viewmypaycheck-support/index.html]
[viewmypaycheckk.us/wp-content/uploads/2020/04/Quickbooks-workforce-login_signup-1.png]
[viewmypaycheckk.us/quickbooks-workforce-signup-login/feed/index.html]
[viewmypaycheckk.us/wp-json/oembed/1.0/embed19af.json]
[viewmypaycheckk.us/wp-json/oembed/1.0/embede078]
[viewmypaycheckk.us/wp-content/uploads/2020/04/vDxxcoJ3-300x300.jpg]
[viewmypaycheckk.us/wp-content/uploads/2020/04/Quickbooks-workforce-login_signup-1-760x360.png]
[viewmypaycheckk.us/wp-content/uploads/2020/04/1.png]
[viewmypaycheckk.us/wp-content/uploads/2020/04/2.png]
[viewmypaycheckk.us/wp-content/uploads/2020/04/3.png]
[viewmypaycheckk.us/wp-content/uploads/2020/04/4.png]
[viewmypaycheckk.us/quickbooks-workforce-signup-login/index.html]
[viewmypaycheckk.us/wp-content/uploads/2020/04/5.png]
[viewmypaycheckk.us/tag/quickbooks/index.html]
[viewmypaycheckk.us/tag/quickbooks-workforce-login/index.html]
[viewmypaycheckk.us/tag/quickbooks-workforce/index.html]
[viewmypaycheckk.us/tag/quickbooks-workforce-signup/index.html]
[viewmypaycheckk.us/wp-json/oembed/1.0/embed6710.json]
[viewmypaycheckk.us/view-my-paycheck-has-moved/feed/index.html]
[viewmypaycheckk.us/wp-json/oembed/1.0/embed78ff]
[viewmypaycheckk.us/wp-content/uploads/2020/04/view-my-paycheck-has-moved-1.png]
[viewmypaycheckk.us/wp-content/uploads/2020/04/view-my-paycheck-has-moved-1-760x360.png]
[viewmypaycheckk.us/view-my-paycheck-has-moved/index.html]
[viewmypaycheckk.us/wp-content/uploads/2020/04/new_vmp.png]
[viewmypaycheckk.us/tag/intuit/index.html]
[viewmypaycheckk.us/wp-content/uploads/2020/04/old_vmp.png]
[viewmypaycheckk.us/tag/viewmypaycheck/index.html]
[viewmypaycheckk.us/wp-content/uploads/2020/04/QuickBooks-Logo-PNG-Download.png]
[viewmypaycheckk.us/wp-json/oembed/1.0/embed8a86.json]
[viewmypaycheckk.us/intuit-quickbooks-logo-png/feed/index.html]
[viewmypaycheckk.us/wp-json/oembed/1.0/embedd0ce]
[viewmypaycheckk.us/wp-content/uploads/2020/04/QuickBooks-Logo-PNG-Download-760x360.png]
[viewmypaycheckk.us/wp-content/uploads/2020/04/QuickBooks-Logo-1.png]
[viewmypaycheckk.us/wp-content/uploads/2020/04/Quickbooks-Logo-2.png]
[viewmypaycheckk.us/intuit-quickbooks-logo-png/index.html]
[viewmypaycheckk.us/wp-content/uploads/2020/04/Quickbooks-logo-3.png]
[viewmypaycheckk.us/tag/quickbooks-logo-download/index.html]
[viewmypaycheckk.us/tag/quickbooks-logo/index.html]
[viewmypaycheckk.us/tag/quickbooks-logo-png/index.html]
[viewmypaycheckk.us/wp-content/uploads/2020/05/mynordstrom-login-portal.png]
[viewmypaycheckk.us/wp-json/oembed/1.0/embedcae8.json]
[viewmypaycheckk.us/mynordstrom-login-portal/feed/index.html]
[viewmypaycheckk.us/wp-json/oembed/1.0/embedfe06]
[viewmypaycheckk.us/wp-content/uploads/2020/05/mynordstrom-login-portal-760x360.png]
[viewmypaycheckk.us/mynordstrom-login-portal/index.html]
[viewmypaycheckk.us/tag/login/index.html]
[viewmypaycheckk.us/tag/mynordstrom/index.html]
[viewmypaycheckk.us/tag/portal/index.html]
[viewmypaycheckk.us/blog/page/2/index.html]
[viewmypaycheckk.us/blog/index.html]
[viewmypaycheckk.us/wp-content/cache/min/1/a1edbddf38347a32f77d0ffba7316ab6.js]
[viewmypaycheckk.us/privacy-policy/feed/index.html]
[viewmypaycheckk.us/wp-json/oembed/1.0/embedad6b.json]
[viewmypaycheckk.us/wp-json/oembed/1.0/embed608c]
[viewmypaycheckk.us/privacy-policy/index.html]
[viewmypaycheckk.us/wp-content/cache/min/1/6e80ab93933d8e10841ee2d647819c2d.js]
[viewmypaycheckk.us/wp-json/oembed/1.0/embed1e65.json]
[viewmypaycheckk.us/about-us/feed/index.html]
[viewmypaycheckk.us/wp-json/oembed/1.0/embed9fc1]
[viewmypaycheckk.us/about-us/index.html]
[viewmypaycheckk.us/wp-content/cache/min/1/07aaf6f2273530a0d7c0bbf90a437daa.js]
[viewmypaycheckk.us/wp-json/oembed/1.0/embed66e9.json]
[viewmypaycheckk.us/wp-json/oembed/1.0/embedd8fe]
[viewmypaycheckk.us/contact-us/index.html]
[viewmypaycheckk.us/index1f8a.html]
[connect.facebook.net/en_US/sdk.js]
[viewmypaycheckk.us/search/s/index.html]
[viewmypaycheckk.us/category/mynordstrom/index.html]
[viewmypaycheckk.us/index052e.html]
[viewmypaycheckk.us/search/{s}/feed/rss2/index.html]
[viewmypaycheckk.us/category/mynordstrom/feed/index.html]
[viewmypaycheckk.us/category/quickbooks/feed/index.html]
[viewmypaycheckk.us/category/quickbooks/index.html]
[viewmypaycheckk.us/wp-content/cache/min/1/5156547401c5d59c5d9f737be0897f55.js]
[viewmypaycheckk.us/category/view-my-paycheck/index.html]
[viewmypaycheckk.us/category/view-my-paycheck/feed/index.html]
[viewmypaycheckk.us/wp-content/cache/min/1/191a832699d51ecf6e451df921d594f8.js]
[viewmypaycheckk.us/wp-json/oembed/1.0/embed6479.json]
[viewmypaycheckk.us/cookie-policy/feed/index.html]
[viewmypaycheckk.us/wp-json/oembed/1.0/embed252e]
[viewmypaycheckk.us/cookie-policy/index.html]
[viewmypaycheckk.us/wp-content/plugins/monarch/css/fonts/monarch.svg]
[viewmypaycheckk.us/wp-content/themes/streamline-pro/style128b.css]
[viewmypaycheckk.us/wp-includes/css/dist/block-library/style.min7661.css]
[viewmypaycheckk.us/wp-content/plugins/quick-adsense-reloaded/includes/gutenberg/dist/blocks.style.buildd4c6.css]
[viewmypaycheckk.us/wp-content/plugins/contact-form-7/includes/css/styles6725.css]
[viewmypaycheckk.us/wp-content/plugins/monarch/css/style4e44.css]
[viewmypaycheckk.us/wp-content/plugins/table-of-contents-plus/screen.min673a.css]
[viewmypaycheckk.us/wp-content/plugins/uk-cookie-consent/assets/css/style7661.css]
[viewmypaycheckk.us/wp-includes/css/dashicons.min7661.css]
[viewmypaycheckk.us/wp-includes/fonts/dashicons2ce6.ttf]
[viewmypaycheckk.us/wp-content/plugins/jetpack/modules/shortcodes/img/slideshow-controls.png]
[viewmypaycheckk.us/wp-content/plugins/jetpack/modules/shortcodes/img/slideshow-controls-2x.png]
[viewmypaycheckk.us/wp-content/plugins/jetpack/modules/shortcodes/images/slide-nav.png]
[viewmypaycheckk.us/wp-content/plugins/jetpack/modules/shortcodes/images/expand.png]
[viewmypaycheckk.us/wp-content/plugins/jetpack/modules/shortcodes/images/collapse.png]
[secure.gravatar.com/images/grav-share-sprite.png]
[viewmypaycheckk.us/wp-content/plugins/jetpack/css/jetpack4fc4.css]
[viewmypaycheckk.us/wp-content/plugins/mango-buttons/public/style/mb-button077c.css]
[viewmypaycheckk.us/author/adam/index.html]
[viewmypaycheckk.us/tag/intuit-viewmypaycheck-support/index.html]
[viewmypaycheckk.us/author/adam/page/2/index.html]
[viewmypaycheckk.us/tag/phone-number/index.html]
[viewmypaycheckk.us/author/adam/feed/index.html]
[viewmypaycheckk.us/tag/intuit-viewmypaycheck-support/feed/index.html]
[viewmypaycheckk.us/tag/support/index.html]
[viewmypaycheckk.us/tag/view-my-paycheck/index.html]
[viewmypaycheckk.us/tag/phone-number/feed/index.html]
[viewmypaycheckk.us/tag/support/feed/index.html]
[viewmypaycheckk.us/tag/quickbooks/index.html]
[viewmypaycheckk.us/tag/quickbooks-workforce/index.html]
[viewmypaycheckk.us/tag/view-my-paycheck/feed/index.html]
[viewmypaycheckk.us/tag/quickbooks/feed/index.html]
[viewmypaycheckk.us/tag/quickbooks-workforce-login/index.html]
[viewmypaycheckk.us/tag/quickbooks-workforce-signup/index.html]
[viewmypaycheckk.us/tag/quickbooks-workforce/feed/index.html]
[viewmypaycheckk.us/tag/quickbooks-workforce-login/feed/index.html]
[viewmypaycheckk.us/tag/intuit/index.html]
[viewmypaycheckk.us/tag/quickbooks-workforce-signup/feed/index.html]
[viewmypaycheckk.us/tag/viewmypaycheck/index.html]
[viewmypaycheckk.us/tag/intuit/feed/index.html]
[viewmypaycheckk.us/tag/quickbooks-logo/index.html]
[viewmypaycheckk.us/tag/quickbooks-logo-download/index.html]
[viewmypaycheckk.us/tag/viewmypaycheck/feed/index.html]
[viewmypaycheckk.us/tag/quickbooks-logo-png/index.html]
[viewmypaycheckk.us/tag/quickbooks-logo/feed/index.html]
[viewmypaycheckk.us/tag/login/index.html]
[viewmypaycheckk.us/tag/login/feed/index.html]
[viewmypaycheckk.us/tag/quickbooks-logo-png/feed/index.html]
[viewmypaycheckk.us/tag/quickbooks-logo-download/feed/index.html]
[viewmypaycheckk.us/tag/mynordstrom/index.html]
[viewmypaycheckk.us/tag/portal/index.html]
[viewmypaycheckk.us/tag/mynordstrom/feed/index.html]
[viewmypaycheckk.us/tag/portal/feed/index.html]
[viewmypaycheckk.us/blog/page/2/index.html]
[viewmypaycheckk.us/search/s/index.html]
[viewmypaycheckk.us/wp-content/cache/min/1/670589a5e0373f85d27095c7fbdb91a7.js]
[viewmypaycheckk.us/search/s/feed/rss2/index.html]
[viewmypaycheckk.us/search/s/page/2/index.html]
[viewmypaycheckk.us/search/s/page/3/index.html]
[viewmypaycheckk.us/index052e.html]
[viewmypaycheckk.us/search/no-results_s/index.html]
[viewmypaycheckk.us/search/s/page/4/index.html]
[viewmypaycheckk.us/index50f7.html]
[viewmypaycheckk.us/author/adam/page/2/index.html]
[viewmypaycheckk.us/search/s/page/2/index.html]
[viewmypaycheckk.us/index50f7.html]
[viewmypaycheckk.us/index1e5b.html]
[viewmypaycheckk.us/search/no-results_{s}/feed/rss2/index.html]
[viewmypaycheckk.us/page/2/index50f7.html]
[viewmypaycheckk.us/page/4/index50f7.html]
[viewmypaycheckk.us/page/3/index50f7.html]
[viewmypaycheckk.us/search/s/page/3/index.html]
[viewmypaycheckk.us/search/s/page/4/index.html]
[viewmypaycheckk.us/search/no-results_s/index.html]
[viewmypaycheckk.us/index91cc.html]
[viewmypaycheckk.us/index1e5b.html]
[viewmypaycheckk.us/search/no-results_no-results_s/index.html]
[viewmypaycheckk.us/wp-content/uploads/2020/04/View-my-paycheck-760x360.png]
[viewmypaycheckk.us/page/2/index50f7.html]
[viewmypaycheckk.us/page/3/index50f7.html]
[viewmypaycheckk.us/page/4/index50f7.html]
[viewmypaycheckk.us/index8ce9.html]
[viewmypaycheckk.us/search/no-results_s/feed/rss2/index.html]
[viewmypaycheckk.us/index91cc.html]
[viewmypaycheckk.us/search/no-results_no-results_s/index.html]
[viewmypaycheckk.us/search/no-results_no-results_{s}/feed/rss2/index.html]
[viewmypaycheckk.us/indexb60d.html]
[viewmypaycheckk.us/index8ce9.html]
[viewmypaycheckk.us/search/no-results_no-results_no-results_s/index.html]
[viewmypaycheckk.us/index19f2.html]
[viewmypaycheckk.us/search/no-results_no-results_s/feed/rss2/index.html]
[viewmypaycheckk.us/indexb60d.html]
[viewmypaycheckk.us/search/no-results_no-results_no-results_s/index.html]
[viewmypaycheckk.us/indexfb7c.html]
[viewmypaycheckk.us/search/no-results_no-results_no-results_{s}/feed/rss2/index.html]
[viewmypaycheckk.us/search/no-results_no-results_no-results_no-results_s/index.html]
[viewmypaycheckk.us/index19f2.html]
[viewmypaycheckk.us/index0d42.html]
[viewmypaycheckk.us/search/no-results_no-results_no-results_s/feed/rss2/index.html]
[viewmypaycheckk.us/indexfb7c.html]
[viewmypaycheckk.us/search/no-results_no-results_no-results_no-results_{s}/feed/rss2/index.html]
[viewmypaycheckk.us/search/no-results_no-results_no-results_no-results_s/index.html]
[viewmypaycheckk.us/indexadd0.html]
[viewmypaycheckk.us/index0d42.html]
[viewmypaycheckk.us/search/no-results_no-results_no-results_no-results_no-results_s/index.html]
[viewmypaycheckk.us/index76e2.html]
[viewmypaycheckk.us/search/no-results_no-results_no-results_no-results_s/feed/rss2/index.html]
[viewmypaycheckk.us/indexadd0.html]
[viewmypaycheckk.us/search/no-results_no-results_no-results_no-results_no-results_s/index.html]
[viewmypaycheckk.us/search/no-results_no-results_no-results_no-results_no-results_{s}/feed/rss2/index.html]
[viewmypaycheckk.us/index76e2.html]
[viewmypaycheckk.us/index3477.html]
[viewmypaycheckk.us/search/no-results_no-results_no-results_no-results_no-results_no-results_s/index.html]
[viewmypaycheckk.us/index97cc.html]
[viewmypaycheckk.us/search/no-results_no-results_no-results_no-results_no-results_s/feed/rss2/index.html]
[viewmypaycheckk.us/index3477.html]
[viewmypaycheckk.us/search/no-results_no-results_no-results_no-results_no-results_no-results_s/index.html]
[viewmypaycheckk.us/search/no-results_no-results_no-results_no-results_no-results_no-results_{s}/feed/rss2/index.html]
[viewmypaycheckk.us/search/no-results_no-results_no-results_no-results_no-results_no-results_no-results_s/index.html]
[viewmypaycheckk.us/indexe1a6.html]
[viewmypaycheckk.us/index97cc.html]
[viewmypaycheckk.us/index6a01.html]
[viewmypaycheckk.us/search/no-results_no-results_no-results_no-results_no-results_no-results_s/feed/rss2/index.html]
[viewmypaycheckk.us/indexe1a6.html]
[viewmypaycheckk.us/search/no-results_no-results_no-results_no-results_no-results_no-results_no-results_s/index.html]
[viewmypaycheckk.us/search/no-results_no-results_no-results_no-results_no-results_no-results_no-results_{s}/feed/rss2/index.html]
[viewmypaycheckk.us/index6a01.html]
[viewmypaycheckk.us/index9b2d.html]
[viewmypaycheckk.us/search/no-results_no-results_no-results_no-results_no-results_no-results_no-results_no-results_s/index.html]
[viewmypaycheckk.us/index4c72.html]
[viewmypaycheckk.us/search/no-results_no-results_no-results_no-results_no-results_no-results_no-results_s/feed/rss2/index.html]
[viewmypaycheckk.us/index9b2d.html]
[viewmypaycheckk.us/search/no-results_no-results_no-results_no-results_no-results_no-results_no-results_no-results_s/index.html]
[viewmypaycheckk.us/search/no-results_no-results_no-results_no-results_no-results_no-results_no-results_no-results_{s}/feed/rss2/index.html]
[viewmypaycheckk.us/index4c72.html]
[viewmypaycheckk.us/indexbaa2.html]
[viewmypaycheckk.us/search/no-results_no-results_no-results_no-results_no-results_no-results_no-results_no-results_no-results_s/index.html]
[viewmypaycheckk.us/index6b4f.html]
[viewmypaycheckk.us/index6f83.html]
[viewmypaycheckk.us/indexbaa2.html]
[viewmypaycheckk.us/search/no-results_no-results_no-results_no-results_no-results_no-results_no-results_no-results_no-results_s/index.html]
[viewmypaycheckk.us/search/no-results_no-results_no-results_no-results_no-results_no-results_no-results_no-results_s/feed/rss2/index.html]
[viewmypaycheckk.us/search/no-results_no-results_no-results_no-results_no-results_no-results_no-results_no-results_no-results_{s}/feed/rss2/index.html]
[viewmypaycheckk.us/search/no-results_no-results_no-results_no-results_no-results_no-results_no-results_no-results_no-results_s/feed/rss2/index.html]
[viewmypaycheckk.us/index6b4f.html]
[viewmypaycheckk.us/search/no-results_no-results_no-results_no-results_no-results_no-results_no-results_no-results_no-results_no-results_s/index.html]
[viewmypaycheckk.us/index6f83.html]
[viewmypaycheckk.us/indexa01a.html]
[viewmypaycheckk.us/search/no-results_no-results_no-results_no-results_no-results_no-results_no-results_no-results_no-results_no-results_s/index.html]
[viewmypaycheckk.us/indexcd44.html]
[viewmypaycheckk.us/search/no-results_no-results_no-results_no-results_no-results_no-results_no-results_no-results_no-results_no-results_{s}/feed/rss2/index.html]
[viewmypaycheckk.us/search/no-results_no-results_no-results_no-results_no-results_no-results_no-results_no-results_no-results_no-results_s/feed/rss2/index.html]
[viewmypaycheckk.us/indexa01a.html]
[viewmypaycheckk.us/index5cbc.html]
[viewmypaycheckk.us/search/no-results_no-results_no-results_no-results_no-results_no-results_no-results_no-results_no-results_no-results_no-results_s/index.html]
[viewmypaycheckk.us/indexcd44.html]
[viewmypaycheckk.us/search/no-results_no-results_no-results_no-results_no-results_no-results_no-results_no-results_no-results_no-results_no-results_s/index.html]
[viewmypaycheckk.us/index7cde.html]
[viewmypaycheckk.us/search/no-results_no-results_no-results_no-results_no-results_no-results_no-results_no-results_no-results_no-results_no-results_{s}/feed/rss2/index.html]
[viewmypaycheckk.us/search/no-results_no-results_no-results_no-results_no-results_no-results_no-results_no-results_no-results_no-results_no-results_s/feed/rss2/index.html]
[viewmypaycheckk.us/index5cbc.html]
[viewmypaycheckk.us/search/no-results_no-results_no-results_no-results_no-results_no-results_no-results_no-results_no-results_no-results_no-results_no-results_s/index.html]
[viewmypaycheckk.us/index7cde.html]
[viewmypaycheckk.us/index0be6.html]
[viewmypaycheckk.us/search/no-results_no-results_no-results_no-results_no-results_no-results_no-results_no-results_no-results_no-results_no-results_no-results_s/index.html]
[viewmypaycheckk.us/index0fb1.html]
[viewmypaycheckk.us/search/no-results_no-results_no-results_no-results_no-results_no-results_no-results_no-results_no-results_no-results_no-results_no-results_s/feed/rss2/index.html]
[viewmypaycheckk.us/search/no-results_no-results_no-results_no-results_no-results_no-results_no-results_no-results_no-results_no-results_no-results_no-results_{s}/feed/rss2/index.html]
[viewmypaycheckk.us/index0be6.html]
[viewmypaycheckk.us/index0254.html]
[viewmypaycheckk.us/search/no-results_no-results_no-results_no-results_no-results_no-results_no-results_no-results_no-results_no-results_no-results_no-results_no-results_s/index.html]
[viewmypaycheckk.us/index0fb1.html]
[viewmypaycheckk.us/search/no-results_no-results_no-results_no-results_no-results_no-results_no-results_no-results_no-results_no-results_no-results_no-results_no-results_s/index.html]
[viewmypaycheckk.us/index39d5.html]
[viewmypaycheckk.us/search/no-results_no-results_no-results_no-results_no-results_no-results_no-results_no-results_no-results_no-results_no-results_no-results_no-results_{s}/feed/rss2/index.html]
[viewmypaycheckk.us/search/no-results_no-results_no-results_no-results_no-results_no-results_no-results_no-results_no-results_no-results_no-results_no-results_no-results_s/feed/rss2/index.html]
[viewmypaycheckk.us/index0254.html]
[viewmypaycheckk.us/search/no-results_no-results_no-results_no-results_no-results_no-results_no-results_no-results_no-results_no-results_no-results_no-results_no-results_no-results_s/index.html]
[viewmypaycheckk.us/index39d5.html]
[viewmypaycheckk.us/index016e.html]
[viewmypaycheckk.us/search/no-results_no-results_no-results_no-results_no-results_no-results_no-results_no-results_no-results_no-results_no-results_no-results_no-results_no-results_s/index.html]
[viewmypaycheckk.us/indexee99.html]
[viewmypaycheckk.us/search/no-results_no-results_no-results_no-results_no-/feed/rss2/index.html]
[viewmypaycheckk.us/search/no-results_no-results_no-results_no-results_no-/feed/rss2/index-2.html]
[viewmypaycheckk.us/index016e.html]
[viewmypaycheckk.us/index6f8d.html]
[viewmypaycheckk.us/search/no-results_no-results_no-results_no-results_no-/index.html]
[viewmypaycheckk.us/indexee99.html]
[viewmypaycheckk.us/search/no-results_no-results_no-results_no-results_no-/index.html]
[viewmypaycheckk.us/index42d7.html]
[viewmypaycheckk.us/search/no-results_no-results_no-results_no-results_no-/feed/rss2/index-3.html]
[viewmypaycheckk.us/search/no-results_no-results_no-results_no-results_no-/feed/rss2/index-4.html]
[viewmypaycheckk.us/index6f8d.html]
[viewmypaycheckk.us/search/no-results_no-results_no-results_no-results_no-/index-2.html]
[viewmypaycheckk.us/index42d7.html]
[viewmypaycheckk.us/index0f07.html]
[viewmypaycheckk.us/search/no-results_no-results_no-results_no-results_no-/index-2.html]
[viewmypaycheckk.us/index7f9e.html]
[viewmypaycheckk.us/search/no-results_no-results_no-results_no-results_no-/feed/rss2/index-5.html]
[viewmypaycheckk.us/search/no-results_no-results_no-results_no-results_no-/feed/rss2/index-6.html]
[viewmypaycheckk.us/index0f07.html]
[viewmypaycheckk.us/indexcc2e.html]
[viewmypaycheckk.us/search/no-results_no-results_no-results_no-results_no-/index-3.html]
[viewmypaycheckk.us/index7f9e.html]
[viewmypaycheckk.us/search/no-results_no-results_no-results_no-results_no-/index-3.html]
[viewmypaycheckk.us/index66c4.html]
[viewmypaycheckk.us/search/no-results_no-results_no-results_no-results_no-/feed/rss2/index-7.html]
[viewmypaycheckk.us/search/no-results_no-results_no-results_no-results_no-/feed/rss2/index-8.html]
[viewmypaycheckk.us/indexcc2e.html]
[viewmypaycheckk.us/search/no-results_no-results_no-results_no-results_no-/index-4.html]
[viewmypaycheckk.us/index66c4.html]
[viewmypaycheckk.us/indexa286.html]
[viewmypaycheckk.us/search/no-results_no-results_no-results_no-results_no-/index-4.html]
[viewmypaycheckk.us/index09bb.html]
[viewmypaycheckk.us/search/no-results_no-results_no-results_no-results_no-/feed/rss2/index-9.html]
[viewmypaycheckk.us/search/no-results_no-results_no-results_no-results_no-/feed/rss2/index-10.html]
[viewmypaycheckk.us/indexa286.html]
[viewmypaycheckk.us/index9b81.html]
[viewmypaycheckk.us/search/no-results_no-results_no-results_no-results_no-/index-5.html]
[viewmypaycheckk.us/index09bb.html]
[viewmypaycheckk.us/search/no-results_no-results_no-results_no-results_no-/index-5.html]
[viewmypaycheckk.us/indexec4d.html]
[viewmypaycheckk.us/search/no-results_no-results_no-results_no-results_no-/feed/rss2/index-11.html]
[viewmypaycheckk.us/search/no-results_no-results_no-results_no-results_no-/feed/rss2/index-12.html]
[viewmypaycheckk.us/index9b81.html]
[viewmypaycheckk.us/indexb6c9.html]
[viewmypaycheckk.us/search/no-results_no-results_no-results_no-results_no-/index-6.html]
[viewmypaycheckk.us/indexec4d.html]
[viewmypaycheckk.us/search/no-results_no-results_no-results_no-results_no-/index-6.html]
[viewmypaycheckk.us/index6244.html]
[viewmypaycheckk.us/search/no-results_no-results_no-results_no-results_no-/feed/rss2/index-13.html]
[viewmypaycheckk.us/search/no-results_no-results_no-results_no-results_no-/feed/rss2/index-14.html]
[viewmypaycheckk.us/search/no-results_no-results_no-results_no-results_no-/index-7.html]
[viewmypaycheckk.us/indexb6c9.html]
[viewmypaycheckk.us/index73f7.html]
[viewmypaycheckk.us/index6244.html]
[viewmypaycheckk.us/search/no-results_no-results_no-results_no-results_no-/index-7.html]
[viewmypaycheckk.us/indexd92e.html]
[viewmypaycheckk.us/search/no-results_no-results_no-results_no-results_no-/feed/rss2/index-15.html]
[viewmypaycheckk.us/search/no-results_no-results_no-results_no-results_no-/feed/rss2/index-16.html]
[viewmypaycheckk.us/index73f7.html]
[viewmypaycheckk.us/search/no-results_no-results_no-results_no-results_no-/index-8.html]
[viewmypaycheckk.us/indexd92e.html]
[viewmypaycheckk.us/indexb3c0.html]
[viewmypaycheckk.us/search/no-results_no-results_no-results_no-results_no-/index-8.html]
[viewmypaycheckk.us/index70e1.html]
[viewmypaycheckk.us/search/no-results_no-results_no-results_no-results_no-/feed/rss2/index-17.html]
[viewmypaycheckk.us/search/no-results_no-results_no-results_no-results_no-/feed/rss2/index-18.html]
[viewmypaycheckk.us/indexb3c0.html]
[viewmypaycheckk.us/index79fc.html]
[viewmypaycheckk.us/search/no-results_no-results_no-results_no-results_no-/index-9.html]
[viewmypaycheckk.us/index70e1.html]
[viewmypaycheckk.us/search/no-results_no-results_no-results_no-results_no-/index-9.html]
[viewmypaycheckk.us/indexebb7.html]
[viewmypaycheckk.us/search/no-results_no-results_no-results_no-results_no-/feed/rss2/index-19.html]
[viewmypaycheckk.us/search/no-results_no-results_no-results_no-results_no-/feed/rss2/index-20.html]
[viewmypaycheckk.us/index79fc.html]
[viewmypaycheckk.us/search/no-results_no-results_no-results_no-results_no-/index-10.html]
[viewmypaycheckk.us/indexebb7.html]
[viewmypaycheckk.us/index0e75.html]
[viewmypaycheckk.us/search/no-results_no-results_no-results_no-results_no-/index-10.html]
[viewmypaycheckk.us/indexb559.html]
[viewmypaycheckk.us/search/no-results_no-results_no-results_no-results_no-/feed/rss2/index-21.html]
[viewmypaycheckk.us/search/no-results_no-results_no-results_no-results_no-/feed/rss2/index-22.html]
[viewmypaycheckk.us/index0e75.html]
[viewmypaycheckk.us/indexb3e0.html]
[viewmypaycheckk.us/search/no-results_no-results_no-results_no-results_no-/index-11.html]
[viewmypaycheckk.us/indexb559.html]
[viewmypaycheckk.us/search/no-results_no-results_no-results_no-results_no-/index-11.html]
[viewmypaycheckk.us/index8a82.html]
[viewmypaycheckk.us/search/no-results_no-results_no-results_no-results_no-/feed/rss2/index-23.html]
[viewmypaycheckk.us/search/no-results_no-results_no-results_no-results_no-/feed/rss2/index-24.html]
[viewmypaycheckk.us/indexb3e0.html]
[viewmypaycheckk.us/search/no-results_no-results_no-results_no-results_no-/index-12.html]
[viewmypaycheckk.us/index8a82.html]
[viewmypaycheckk.us/indexada1.html]
[viewmypaycheckk.us/search/no-results_no-results_no-results_no-results_no-/index-12.html]
[viewmypaycheckk.us/index7f1f.html]
[viewmypaycheckk.us/search/no-results_no-results_no-results_no-results_no-/feed/rss2/index-25.html]
[viewmypaycheckk.us/search/no-results_no-results_no-results_no-results_no-/feed/rss2/index-26.html]
[viewmypaycheckk.us/indexada1.html]
[viewmypaycheckk.us/index1e2f.html]
[viewmypaycheckk.us/search/no-results_no-results_no-results_no-results_no-/index-13.html]
[viewmypaycheckk.us/index7f1f.html]
[viewmypaycheckk.us/search/no-results_no-results_no-results_no-results_no-/index-13.html]
[viewmypaycheckk.us/index5f58.html]
[viewmypaycheckk.us/search/no-results_no-results_no-results_no-results_no-/feed/rss2/index-27.html]
[viewmypaycheckk.us/search/no-results_no-results_no-results_no-results_no-/feed/rss2/index-28.html]
[viewmypaycheckk.us/index1e2f.html]
[viewmypaycheckk.us/search/no-results_no-results_no-results_no-results_no-/index-14.html]
[viewmypaycheckk.us/index3a22.html]
[viewmypaycheckk.us/index5f58.html]
[viewmypaycheckk.us/search/no-results_no-results_no-results_no-results_no-/index-14.html]
[viewmypaycheckk.us/index275f.html]
[viewmypaycheckk.us/search/no-results_no-results_no-results_no-results_no-/feed/rss2/index-29.html]
[viewmypaycheckk.us/search/no-results_no-results_no-results_no-results_no-/feed/rss2/index-30.html]
[viewmypaycheckk.us/index3a22.html]
[viewmypaycheckk.us/index72c3.html]
[viewmypaycheckk.us/search/no-results_no-results_no-results_no-results_no-/index-15.html]
[viewmypaycheckk.us/index275f.html]
[viewmypaycheckk.us/search/no-results_no-results_no-results_no-results_no-/index-15.html]
[viewmypaycheckk.us/index0b40.html]
[viewmypaycheckk.us/search/no-results_no-results_no-results_no-results_no-/feed/rss2/index-31.html]
[viewmypaycheckk.us/search/no-results_no-results_no-results_no-results_no-/feed/rss2/index-32.html]
[viewmypaycheckk.us/index72c3.html]
[viewmypaycheckk.us/search/no-results_no-results_no-results_no-results_no-/index-16.html]
[viewmypaycheckk.us/index0b40.html]
[viewmypaycheckk.us/index77da.html]
[viewmypaycheckk.us/search/no-results_no-results_no-results_no-results_no-/index-16.html]
[viewmypaycheckk.us/indexddb5.html]
[viewmypaycheckk.us/search/no-results_no-results_no-results_no-results_no-/feed/rss2/index-33.html]
[viewmypaycheckk.us/search/no-results_no-results_no-results_no-results_no-/feed/rss2/index-34.html]
[viewmypaycheckk.us/index77da.html]
[viewmypaycheckk.us/search/no-results_no-results_no-results_no-results_no-/index-17.html]
[viewmypaycheckk.us/indexddb5.html]
[viewmypaycheckk.us/index154f.html]
[viewmypaycheckk.us/search/no-results_no-results_no-results_no-results_no-/index-17.html]
[viewmypaycheckk.us/indexf23a.html]
[viewmypaycheckk.us/search/no-results_no-results_no-results_no-results_no-/feed/rss2/index-35.html]
[viewmypaycheckk.us/search/no-results_no-results_no-results_no-results_no-/feed/rss2/index-36.html]
[viewmypaycheckk.us/index154f.html]
[viewmypaycheckk.us/search/no-results_no-results_no-results_no-results_no-/index-18.html]
[viewmypaycheckk.us/indexf23a.html]
[viewmypaycheckk.us/index0099.html]
[viewmypaycheckk.us/search/no-results_no-results_no-results_no-results_no-/index-18.html]
[viewmypaycheckk.us/index71e6.html]
[viewmypaycheckk.us/search/no-results_no-results_no-results_no-results_no-/feed/rss2/index-37.html]
[viewmypaycheckk.us/search/no-results_no-results_no-results_no-results_no-/feed/rss2/index-38.html]
[viewmypaycheckk.us/index0099.html]
[viewmypaycheckk.us/search/no-results_no-results_no-results_no-results_no-/index-19.html]
[viewmypaycheckk.us/index7581.html]
[viewmypaycheckk.us/index5f13.html]
[viewmypaycheckk.us/index71e6.html]
[viewmypaycheckk.us/search/no-results_no-results_no-results_no-results_no-/index-19.html]
[viewmypaycheckk.us/search/no-results_no-results_no-results_no-results_no-/feed/rss2/index-39.html]
[viewmypaycheckk.us/search/no-results_no-results_no-results_no-results_no-/feed/rss2/index-40.html]
[viewmypaycheckk.us/index7581.html]
[viewmypaycheckk.us/search/no-results_no-results_no-results_no-results_no-/index-20.html]
[viewmypaycheckk.us/index5f13.html]
[viewmypaycheckk.us/indexc565.html]
[viewmypaycheckk.us/search/no-results_no-results_no-results_no-results_no-/index-20.html]
[viewmypaycheckk.us/indexcb6d.html]
[viewmypaycheckk.us/search/no-results_no-results_no-results_no-results_no-/feed/rss2/index-41.html]
[viewmypaycheckk.us/search/no-results_no-results_no-results_no-results_no-/index-21.html]
[viewmypaycheckk.us/indexc565.html]
[viewmypaycheckk.us/index79ae.html]
[viewmypaycheckk.us/search/no-results_no-results_no-results_no-results_no-/feed/rss2/index-42.html]
[viewmypaycheckk.us/indexcb6d.html]
[viewmypaycheckk.us/search/no-results_no-results_no-results_no-results_no-/index-21.html]
[viewmypaycheckk.us/index36ff.html]
[viewmypaycheckk.us/search/no-results_no-results_no-results_no-results_no-/feed/rss2/index-43.html]
[viewmypaycheckk.us/search/no-results_no-results_no-results_no-results_no-/index-22.html]
[viewmypaycheckk.us/index79ae.html]
[viewmypaycheckk.us/index7e70.html]
[viewmypaycheckk.us/search/no-results_no-results_no-results_no-results_no-/feed/rss2/index-44.html]
[viewmypaycheckk.us/index36ff.html]
[viewmypaycheckk.us/search/no-results_no-results_no-results_no-results_no-/index-22.html]
[viewmypaycheckk.us/index538a.html]
[viewmypaycheckk.us/search/no-results_no-results_no-results_no-results_no-/feed/rss2/index-45.html]
[viewmypaycheckk.us/search/no-results_no-results_no-results_no-results_no-/index-23.html]
[viewmypaycheckk.us/index7e70.html]
[viewmypaycheckk.us/indexb2ed.html]
[viewmypaycheckk.us/search/no-results_no-results_no-results_no-results_no-/feed/rss2/index-46.html]
[viewmypaycheckk.us/index538a.html]
[viewmypaycheckk.us/search/no-results_no-results_no-results_no-results_no-/index-23.html]
[viewmypaycheckk.us/index2718.html]
[viewmypaycheckk.us/search/no-results_no-results_no-results_no-results_no-/feed/rss2/index-47.html]
[viewmypaycheckk.us/search/no-results_no-results_no-results_no-results_no-/index-24.html]
[viewmypaycheckk.us/indexb2ed.html]
[viewmypaycheckk.us/index3753.html]
[viewmypaycheckk.us/search/no-results_no-results_no-results_no-results_no-/feed/rss2/index-48.html]
[viewmypaycheckk.us/index2718.html]
[viewmypaycheckk.us/search/no-results_no-results_no-results_no-results_no-/feed/rss2/index-49.html]
[viewmypaycheckk.us/search/no-results_no-results_no-results_no-results_no-/index-24.html]
[viewmypaycheckk.us/indexca23.html]
[viewmypaycheckk.us/index3753.html]
[viewmypaycheckk.us/search/no-results_no-results_no-results_no-results_no-/index-25.html]
[viewmypaycheckk.us/index044b.html]
[viewmypaycheckk.us/search/no-results_no-results_no-results_no-results_no-/feed/rss2/index-50.html]
[viewmypaycheckk.us/indexca23.html]
[viewmypaycheckk.us/search/no-results_no-results_no-results_no-results_no-/index-25.html]
[viewmypaycheckk.us/search/no-results_no-results_no-results_no-results_no-/feed/rss2/index-51.html]
[viewmypaycheckk.us/index044b.html]
[viewmypaycheckk.us/indexd6ed.html]
[viewmypaycheckk.us/search/no-results_no-results_no-results_no-results_no-/index-26.html]
[viewmypaycheckk.us/index0acc.html]
[viewmypaycheckk.us/indexd6ed.html]
[viewmypaycheckk.us/index535c.html]
[viewmypaycheckk.us/search/no-results_no-results_no-results_no-results_no-/feed/rss2/index-52.html]
[viewmypaycheckk.us/search/no-results_no-results_no-results_no-results_no-/index-26.html]
[viewmypaycheckk.us/search/no-results_no-results_no-results_no-results_no-/feed/rss2/index-54.html]
[viewmypaycheckk.us/search/no-results_no-results_no-results_no-results_no-/feed/rss2/index-53.html]
[viewmypaycheckk.us/index0acc.html]
[viewmypaycheckk.us/search/no-results_no-results_no-results_no-results_no-/index-27.html]
[viewmypaycheckk.us/index535c.html]
[viewmypaycheckk.us/index5d79.html]
[viewmypaycheckk.us/search/no-results_no-results_no-results_no-results_no-/index-27.html]
[viewmypaycheckk.us/index504f.html]
[viewmypaycheckk.us/search/no-results_no-results_no-results_no-results_no-/feed/rss2/index-55.html]
[viewmypaycheckk.us/search/no-results_no-results_no-results_no-results_no-/feed/rss2/index-56.html]
[viewmypaycheckk.us/index5d79.html]
[viewmypaycheckk.us/search/no-results_no-results_no-results_no-results_no-/index-28.html]
[viewmypaycheckk.us/index504f.html]
[viewmypaycheckk.us/index1403.html]
[viewmypaycheckk.us/search/no-results_no-results_no-results_no-results_no-/index-28.html]
[viewmypaycheckk.us/index04ad.html]
[viewmypaycheckk.us/search/no-results_no-results_no-results_no-results_no-/feed/rss2/index-57.html]
[viewmypaycheckk.us/search/no-results_no-results_no-results_no-results_no-/feed/rss2/index-58.html]
[viewmypaycheckk.us/search/no-results_no-results_no-results_no-results_no-/index-29.html]
[viewmypaycheckk.us/index1403.html]
[viewmypaycheckk.us/index7e3d.html]
[viewmypaycheckk.us/index04ad.html]
[viewmypaycheckk.us/search/no-results_no-results_no-results_no-results_no-/index-29.html]
[viewmypaycheckk.us/indexe998.html]
[viewmypaycheckk.us/search/no-results_no-results_no-results_no-results_no-/feed/rss2/index-59.html]
[viewmypaycheckk.us/search/no-results_no-results_no-results_no-results_no-/feed/rss2/index-60.html]
[viewmypaycheckk.us/search/no-results_no-results_no-results_no-results_no-/index-30.html]
[viewmypaycheckk.us/index7e3d.html]
[viewmypaycheckk.us/indexe9f5.html]
[viewmypaycheckk.us/indexe998.html]
[viewmypaycheckk.us/search/no-results_no-results_no-results_no-results_no-/index-30.html]
[viewmypaycheckk.us/index11c4.html]
[viewmypaycheckk.us/search/no-results_no-results_no-results_no-results_no-/feed/rss2/index-61.html]
[viewmypaycheckk.us/search/no-results_no-results_no-results_no-results_no-/feed/rss2/index-62.html]
[viewmypaycheckk.us/indexe9f5.html]
[viewmypaycheckk.us/search/no-results_no-results_no-results_no-results_no-/index-31.html]
[viewmypaycheckk.us/index11c4.html]
[viewmypaycheckk.us/index956d.html]
[viewmypaycheckk.us/search/no-results_no-results_no-results_no-results_no-/index-31.html]
[viewmypaycheckk.us/indexd118.html]
[viewmypaycheckk.us/search/no-results_no-results_no-results_no-results_no-/feed/rss2/index-64.html]
[viewmypaycheckk.us/search/no-results_no-results_no-results_no-results_no-/feed/rss2/index-63.html]
[viewmypaycheckk.us/index956d.html]
[viewmypaycheckk.us/indexf10a.html]
[viewmypaycheckk.us/search/no-results_no-results_no-results_no-results_no-/index-32.html]
[viewmypaycheckk.us/indexd118.html]
[viewmypaycheckk.us/search/no-results_no-results_no-results_no-results_no-/index-32.html]
[viewmypaycheckk.us/index9800.html]
[viewmypaycheckk.us/search/no-results_no-results_no-results_no-results_no-/feed/rss2/index-65.html]
[viewmypaycheckk.us/search/no-results_no-results_no-results_no-results_no-/feed/rss2/index-66.html]
[viewmypaycheckk.us/indexf10a.html]
[viewmypaycheckk.us/search/no-results_no-results_no-results_no-results_no-/index-33.html]
[viewmypaycheckk.us/index9800.html]
[viewmypaycheckk.us/indexea5a.html]
[viewmypaycheckk.us/search/no-results_no-results_no-results_no-results_no-/index-33.html]
[viewmypaycheckk.us/index21b9.html]
[viewmypaycheckk.us/search/no-results_no-results_no-results_no-results_no-/feed/rss2/index-67.html]
[viewmypaycheckk.us/search/no-results_no-results_no-results_no-results_no-/feed/rss2/index-68.html]
[viewmypaycheckk.us/indexea5a.html]
[viewmypaycheckk.us/index73e0.html]
[viewmypaycheckk.us/search/no-results_no-results_no-results_no-results_no-/index-34.html]
[viewmypaycheckk.us/index21b9.html]
[viewmypaycheckk.us/search/no-results_no-results_no-results_no-results_no-/index-34.html]
[viewmypaycheckk.us/indexc06c.html]
[viewmypaycheckk.us/search/no-results_no-results_no-results_no-results_no-/feed/rss2/index-69.html]
[viewmypaycheckk.us/search/no-results_no-results_no-results_no-results_no-/feed/rss2/index-70.html]
[viewmypaycheckk.us/index73e0.html]
[viewmypaycheckk.us/search/no-results_no-results_no-results_no-results_no-/index-35.html]
[viewmypaycheckk.us/indexc06c.html]
[viewmypaycheckk.us/index7526.html]
[viewmypaycheckk.us/search/no-results_no-results_no-results_no-results_no-/index-35.html]
[viewmypaycheckk.us/index9549.html]
[viewmypaycheckk.us/search/no-results_no-results_no-results_no-results_no-/feed/rss2/index-72.html]
[viewmypaycheckk.us/search/no-results_no-results_no-results_no-results_no-/feed/rss2/index-71.html]
[viewmypaycheckk.us/index7526.html]
[viewmypaycheckk.us/search/no-results_no-results_no-results_no-results_no-/index-36.html]
[viewmypaycheckk.us/index1528.html]
[viewmypaycheckk.us/index34e4.html]
[viewmypaycheckk.us/index9549.html]
[viewmypaycheckk.us/search/no-results_no-results_no-results_no-results_no-/index-36.html]
[viewmypaycheckk.us/search/no-results_no-results_no-results_no-results_no-/feed/rss2/index-73.html]
[viewmypaycheckk.us/search/no-results_no-results_no-results_no-results_no-/feed/rss2/index-74.html]
[viewmypaycheckk.us/index34e4.html]
[viewmypaycheckk.us/search/no-results_no-results_no-results_no-results_no-/index-37.html]
[viewmypaycheckk.us/index54bc.html]
[viewmypaycheckk.us/index1528.html]
[viewmypaycheckk.us/search/no-results_no-results_no-results_no-results_no-/index-37.html]
[viewmypaycheckk.us/index8c83.html]
[viewmypaycheckk.us/search/no-results_no-results_no-results_no-results_no-/feed/rss2/index-75.html]
[viewmypaycheckk.us/search/no-results_no-results_no-results_no-results_no-/feed/rss2/index-76.html]
[viewmypaycheckk.us/index54bc.html]
[viewmypaycheckk.us/search/no-results_no-results_no-results_no-results_no-/index-38.html]
[viewmypaycheckk.us/index2ecf.html]
[viewmypaycheckk.us/index1b56.html]
[viewmypaycheckk.us/index8c83.html]
[viewmypaycheckk.us/search/no-results_no-results_no-results_no-results_no-/index-38.html]
[viewmypaycheckk.us/search/no-results_no-results_no-results_no-results_no-/feed/rss2/index-77.html]
[viewmypaycheckk.us/search/no-results_no-results_no-results_no-results_no-/feed/rss2/index-78.html]
[viewmypaycheckk.us/search/no-results_no-results_no-results_no-results_no-/index-39.html]
[viewmypaycheckk.us/index2ecf.html]
[viewmypaycheckk.us/index614a.html]
[viewmypaycheckk.us/index1b56.html]
[viewmypaycheckk.us/search/no-results_no-results_no-results_no-results_no-/index-39.html]
[viewmypaycheckk.us/index36a2.html]
[viewmypaycheckk.us/search/no-results_no-results_no-results_no-results_no-/feed/rss2/index-79.html]
[viewmypaycheckk.us/search/no-results_no-results_no-results_no-results_no-/index-40.html]
[viewmypaycheckk.us/index614a.html]
[viewmypaycheckk.us/indexeaf1.html]
[viewmypaycheckk.us/search/no-results_no-results_no-results_no-results_no-/feed/rss2/index-80.html]
[viewmypaycheckk.us/index36a2.html]
[viewmypaycheckk.us/search/no-results_no-results_no-results_no-results_no-/index-40.html]
[viewmypaycheckk.us/search/no-results_no-results_no-results_no-results_no-/feed/rss2/index-81.html]
[viewmypaycheckk.us/indexeaf1.html]
[viewmypaycheckk.us/index372a.html]
[viewmypaycheckk.us/search/no-results_no-results_no-results_no-results_no-/index-41.html]
[viewmypaycheckk.us/index1bb5.html]
[viewmypaycheckk.us/search/no-results_no-results_no-results_no-results_no-/feed/rss2/index-82.html]
[viewmypaycheckk.us/index372a.html]
[viewmypaycheckk.us/search/no-results_no-results_no-results_no-results_no-/index-41.html]
[viewmypaycheckk.us/search/no-results_no-results_no-results_no-results_no-/feed/rss2/index-83.html]
[viewmypaycheckk.us/index1bb5.html]
[viewmypaycheckk.us/index583a.html]
[viewmypaycheckk.us/search/no-results_no-results_no-results_no-results_no-/index-42.html]
[viewmypaycheckk.us/index14a0.html]
[viewmypaycheckk.us/search/no-results_no-results_no-results_no-results_no-/feed/rss2/index-84.html]
[viewmypaycheckk.us/index583a.html]
[viewmypaycheckk.us/search/no-results_no-results_no-results_no-results_no-/index-42.html]
[viewmypaycheckk.us/search/no-results_no-results_no-results_no-results_no-/feed/rss2/index-85.html]
[viewmypaycheckk.us/index14a0.html]
[viewmypaycheckk.us/indexb399.html]
[viewmypaycheckk.us/search/no-results_no-results_no-results_no-results_no-/index-43.html]
[viewmypaycheckk.us/index461b.html]
[viewmypaycheckk.us/search/no-results_no-results_no-results_no-results_no-/feed/rss2/index-86.html]
[viewmypaycheckk.us/indexb399.html]
[viewmypaycheckk.us/search/no-results_no-results_no-results_no-results_no-/index-43.html]
[viewmypaycheckk.us/search/no-results_no-results_no-results_no-results_no-/feed/rss2/index-87.html]
[viewmypaycheckk.us/index461b.html]
[viewmypaycheckk.us/indexc483.html]
[viewmypaycheckk.us/search/no-results_no-results_no-results_no-results_no-/index-44.html]
[viewmypaycheckk.us/indexc619.html]
[viewmypaycheckk.us/search/no-results_no-results_no-results_no-results_no-/feed/rss2/index-88.html]
[viewmypaycheckk.us/indexc483.html]
[viewmypaycheckk.us/search/no-results_no-results_no-results_no-results_no-/index-44.html]
[viewmypaycheckk.us/search/no-results_no-results_no-results_no-results_no-/feed/rss2/index-89.html]
[viewmypaycheckk.us/indexc619.html]
[viewmypaycheckk.us/search/no-results_no-results_no-results_no-results_no-/index-45.html]
[viewmypaycheckk.us/indexbc0e.html]
[viewmypaycheckk.us/indexc2b9.html]
[viewmypaycheckk.us/search/no-results_no-results_no-results_no-results_no-/feed/rss2/index-90.html]
[viewmypaycheckk.us/indexbc0e.html]
[viewmypaycheckk.us/search/no-results_no-results_no-results_no-results_no-/index-45.html]
[viewmypaycheckk.us/search/no-results_no-results_no-results_no-results_no-/feed/rss2/index-91.html]
[viewmypaycheckk.us/index525a.html]
[viewmypaycheckk.us/indexc2b9.html]
[viewmypaycheckk.us/search/no-results_no-results_no-results_no-results_no-/index-46.html]
[viewmypaycheckk.us/index8618.html]
[viewmypaycheckk.us/search/no-results_no-results_no-results_no-results_no-/feed/rss2/index-92.html]
[viewmypaycheckk.us/index525a.html]
[viewmypaycheckk.us/search/no-results_no-results_no-results_no-results_no-/index-46.html]
[viewmypaycheckk.us/index6509.html]
[viewmypaycheckk.us/search/no-results_no-results_no-results_no-results_no-/feed/rss2/index-93.html]
[viewmypaycheckk.us/search/no-results_no-results_no-results_no-results_no-/index-47.html]
[viewmypaycheckk.us/index8618.html]
[viewmypaycheckk.us/index3aab.html]
[viewmypaycheckk.us/search/no-results_no-results_no-results_no-results_no-/feed/rss2/index-94.html]
[viewmypaycheckk.us/index6509.html]
[viewmypaycheckk.us/search/no-results_no-results_no-results_no-results_no-/index-47.html]
[viewmypaycheckk.us/search/no-results_no-results_no-results_no-results_no-/feed/rss2/index-95.html]
[viewmypaycheckk.us/index3aab.html]
[viewmypaycheckk.us/indexc494.html]
[viewmypaycheckk.us/search/no-results_no-results_no-results_no-results_no-/index-48.html]
[viewmypaycheckk.us/index5173.html]
[viewmypaycheckk.us/search/no-results_no-results_no-results_no-results_no-/feed/rss2/index-96.html]
[viewmypaycheckk.us/indexc494.html]
[viewmypaycheckk.us/search/no-results_no-results_no-results_no-results_no-/index-48.html]
[viewmypaycheckk.us/search/no-results_no-results_no-results_no-results_no-/feed/rss2/index-97.html]
[viewmypaycheckk.us/index5173.html]
[viewmypaycheckk.us/indexeade.html]
[viewmypaycheckk.us/search/no-results_no-results_no-results_no-results_no-/index-49.html]
[viewmypaycheckk.us/index2a5a.html]
[viewmypaycheckk.us/search/no-results_no-results_no-results_no-results_no-/feed/rss2/index-98.html]
[viewmypaycheckk.us/indexeade.html]
[viewmypaycheckk.us/search/no-results_no-results_no-results_no-results_no-/index-49.html]
[viewmypaycheckk.us/index83ef.html]
[viewmypaycheckk.us/search/no-results_no-results_no-results_no-results_no-/feed/rss2/index-99.html]
[viewmypaycheckk.us/search/no-results_no-results_no-results_no-results_no-/index-50.html]
[viewmypaycheckk.us/index2a5a.html]
[viewmypaycheckk.us/index5e96.html]
[viewmypaycheckk.us/search/no-results_no-results_no-results_no-results_no-/feed/rss2/index-100.html]
[viewmypaycheckk.us/index83ef.html]
[viewmypaycheckk.us/search/no-results_no-results_no-results_no-results_no-/index-50.html]
[viewmypaycheckk.us/indexf312.html]
[viewmypaycheckk.us/search/no-results_no-results_no-results_no-results_no-/feed/rss2/index-101.html]
[viewmypaycheckk.us/search/no-results_no-results_no-results_no-results_no-/index-51.html]
[viewmypaycheckk.us/index5e96.html]
[viewmypaycheckk.us/search/no-results_no-results_no-results_no-results_no-/feed/rss2/index-102.html]
[viewmypaycheckk.us/index593d.html]
[viewmypaycheckk.us/indexf312.html]
[viewmypaycheckk.us/search/no-results_no-results_no-results_no-results_no-/index-51.html]
[viewmypaycheckk.us/index97eb.html]
[viewmypaycheckk.us/search/no-results_no-results_no-results_no-results_no-/feed/rss2/index-103.html]
[viewmypaycheckk.us/search/no-results_no-results_no-results_no-results_no-/feed/rss2/index-104.html]
[viewmypaycheckk.us/index593d.html]
[viewmypaycheckk.us/index7bca.html]
[viewmypaycheckk.us/search/no-results_no-results_no-results_no-results_no-/index-52.html]
[viewmypaycheckk.us/index97eb.html]
[viewmypaycheckk.us/search/no-results_no-results_no-results_no-results_no-/index-52.html]
[viewmypaycheckk.us/index8599.html]
[viewmypaycheckk.us/search/no-results_no-results_no-results_no-results_no-/feed/rss2/index-105.html]
[viewmypaycheckk.us/search/no-results_no-results_no-results_no-results_no-/feed/rss2/index-106.html]
[viewmypaycheckk.us/index7bca.html]
[viewmypaycheckk.us/search/no-results_no-results_no-results_no-results_no-/index-53.html]
[viewmypaycheckk.us/index8599.html]
[viewmypaycheckk.us/indexb89c.html]
[viewmypaycheckk.us/search/no-results_no-results_no-results_no-results_no-/index-53.html]
[viewmypaycheckk.us/index679c.html]
[viewmypaycheckk.us/search/no-results_no-results_no-results_no-results_no-/feed/rss2/index-107.html]
[viewmypaycheckk.us/search/no-results_no-results_no-results_no-results_no-/feed/rss2/index-108.html]
[viewmypaycheckk.us/indexb89c.html]
[viewmypaycheckk.us/index1d8a.html]
[viewmypaycheckk.us/search/no-results_no-results_no-results_no-results_no-/index-54.html]
[viewmypaycheckk.us/index679c.html]
[viewmypaycheckk.us/search/no-results_no-results_no-results_no-results_no-/index-54.html]
[viewmypaycheckk.us/index4e6e.html]
[viewmypaycheckk.us/search/no-results_no-results_no-results_no-results_no-/feed/rss2/index-109.html]
[viewmypaycheckk.us/search/no-results_no-results_no-results_no-results_no-/feed/rss2/index-110.html]
[viewmypaycheckk.us/index1d8a.html]
[viewmypaycheckk.us/search/no-results_no-results_no-results_no-results_no-/index-55.html]
[viewmypaycheckk.us/index389c.html]
[viewmypaycheckk.us/index4e6e.html]
[viewmypaycheckk.us/search/no-results_no-results_no-results_no-results_no-/index-55.html]
[viewmypaycheckk.us/index2dde.html]
[viewmypaycheckk.us/search/no-results_no-results_no-results_no-results_no-/feed/rss2/index-111.html]
[viewmypaycheckk.us/search/no-results_no-results_no-results_no-results_no-/feed/rss2/index-112.html]
[viewmypaycheckk.us/index389c.html]
[viewmypaycheckk.us/search/no-results_no-results_no-results_no-results_no-/index-56.html]
[viewmypaycheckk.us/index2dde.html]
[viewmypaycheckk.us/index4b8d.html]
[viewmypaycheckk.us/index1807.html]
[viewmypaycheckk.us/search/no-results_no-results_no-results_no-results_no-/index-56.html]
[viewmypaycheckk.us/search/no-results_no-results_no-results_no-results_no-/feed/rss2/index-114.html]
[viewmypaycheckk.us/search/no-results_no-results_no-results_no-results_no-/feed/rss2/index-113.html]
[viewmypaycheckk.us/index4b8d.html]
[viewmypaycheckk.us/index618f.html]
[viewmypaycheckk.us/search/no-results_no-results_no-results_no-results_no-/index-57.html]
[viewmypaycheckk.us/index1807.html]
[viewmypaycheckk.us/search/no-results_no-results_no-results_no-results_no-/index-57.html]
[viewmypaycheckk.us/index11e5.html]
[viewmypaycheckk.us/search/no-results_no-results_no-results_no-results_no-/feed/rss2/index-115.html]
[viewmypaycheckk.us/search/no-results_no-results_no-results_no-results_no-/feed/rss2/index-116.html]
[viewmypaycheckk.us/search/no-results_no-results_no-results_no-results_no-/index-58.html]
[viewmypaycheckk.us/index618f.html]
[viewmypaycheckk.us/index1813.html]
[viewmypaycheckk.us/index11e5.html]
[viewmypaycheckk.us/search/no-results_no-results_no-results_no-results_no-/index-58.html]
[viewmypaycheckk.us/indexfb1e.html]
[viewmypaycheckk.us/search/no-results_no-results_no-results_no-results_no-/feed/rss2/index-117.html]
[viewmypaycheckk.us/search/no-results_no-results_no-results_no-results_no-/feed/rss2/index-118.html]
[viewmypaycheckk.us/index1813.html]
[viewmypaycheckk.us/search/no-results_no-results_no-results_no-results_no-/index-59.html]
[viewmypaycheckk.us/indexfb1e.html]
[viewmypaycheckk.us/index1bce.html]
[viewmypaycheckk.us/indexc9f5.html]
[viewmypaycheckk.us/search/no-results_no-results_no-results_no-results_no-/index-59.html]
[viewmypaycheckk.us/search/no-results_no-results_no-results_no-results_no-/feed/rss2/index-119.html]
[viewmypaycheckk.us/search/no-results_no-results_no-results_no-results_no-/feed/rss2/index-120.html]
[viewmypaycheckk.us/index1bce.html]
[viewmypaycheckk.us/indexe7f7.html]
[viewmypaycheckk.us/search/no-results_no-results_no-results_no-results_no-/index-60.html]
[viewmypaycheckk.us/indexc9f5.html]
[viewmypaycheckk.us/search/no-results_no-results_no-results_no-results_no-/feed/rss2/index-121.html]
[viewmypaycheckk.us/search/no-results_no-results_no-results_no-results_no-/index-60.html]
[viewmypaycheckk.us/indexc8ba.html]
[viewmypaycheckk.us/indexe7f7.html]
[viewmypaycheckk.us/index199e.html]
[viewmypaycheckk.us/search/no-results_no-results_no-results_no-results_no-/index-61.html]
[viewmypaycheckk.us/search/no-results_no-results_no-results_no-results_no-/feed/rss2/index-122.html]
[viewmypaycheckk.us/indexc8ba.html]
[viewmypaycheckk.us/search/no-results_no-results_no-results_no-results_no-/index-61.html]
[viewmypaycheckk.us/index199e.html]
[viewmypaycheckk.us/indexa0fd.html]
[viewmypaycheckk.us/indexa0fd.html]
[viewmypaycheckk.us/search/no-results_no-results_no-results_no-results_no-/index-62.html]
[viewmypaycheckk.us/index5ba7.html]
[viewmypaycheckk.us/search/no-results_no-results_no-results_no-results_no-/index-62.html]
[viewmypaycheckk.us/search/no-results_no-results_no-results_no-results_no-/feed/rss2/index-123.html]
[viewmypaycheckk.us/index5ba7.html]
[viewmypaycheckk.us/search/no-results_no-results_no-results_no-results_no-/index-63.html]
[viewmypaycheckk.us/search/no-results_no-results_no-results_no-results_no-/index-63.html]
